{"phase":"load","size":"lite","graph":"g-lite-muffckil","ok":true,"error":null,"done":true,"nodes":10000,"relationships":30000,"target":10000,"batches":{"samples":10,"p50Ms":797.82,"p99Ms":1778.85,"maxMs":1778.85,"minMs":568.84,"over2s":0},"elapsedMs":8767,"mem":{"disk":{"snapshotBytes":null,"walBytes":3187376},"engine":"native","memory":{"peakRss":58863616,"rss":57888768,"rssAnon":54407168},"ok":true,"startedAtMs":1790247854253},"restartedAfter":null,"clientMs":8795}
{"phase":"probe-snapshot","size":"lite","graph":"g-lite-muffckil","ok":true,"nodes":10000,"serverMs":644.66,"roundTripMs":640.8,"before":{"peakRss":58863616,"rss":57962496,"rssAnon":54407168},"after":{"peakRss":68329472,"rss":61923328,"rssAnon":58306560},"disk":{"snapshotBytes":3346906,"walBytes":3187376},"restartedAfter":null,"clientMs":675}
{"phase":"probe-reload","size":"lite","graph":"g-lite-muffckil","ok":true,"nodes":10000,"serverMs":3071.4,"roundTripMs":3041.69,"before":{"peakRss":68329472,"rss":61923328,"rssAnon":58306560},"after":{"peakRss":71335936,"rss":71335936,"rssAnon":66908160},"disk":{"snapshotBytes":3346906,"walBytes":3187376},"restartedAfter":null,"clientMs":3068}
{"phase":"probe","size":"lite","graph":"g-lite-muffckil","ok":true,"nodes":10000,"peaks":{"load":58863616,"snapshot":68329472,"reload":71335936},"peak":71335936,"limit":268435456}
{"phase":"load","size":"lite","graph":"g-lite-muffckil","ok":true,"error":null,"done":true,"nodes":13000,"relationships":39000,"target":13000,"batches":{"samples":3,"p50Ms":678.53,"p99Ms":791.1,"maxMs":791.1,"minMs":576.34,"over2s":0},"elapsedMs":2059,"mem":{"disk":{"snapshotBytes":3346906,"walBytes":4146920},"engine":"native","memory":{"peakRss":71356416,"rss":71356416,"rssAnon":66924544},"ok":true,"startedAtMs":1790247854253},"restartedAfter":null,"clientMs":2085}
{"phase":"probe-snapshot","size":"lite","graph":"g-lite-muffckil","ok":true,"nodes":13000,"serverMs":765.92,"roundTripMs":794.45,"before":{"peakRss":71356416,"rss":71356416,"rssAnon":66924544},"after":{"peakRss":82194432,"rss":71356416,"rssAnon":66924544},"disk":{"snapshotBytes":4354306,"walBytes":4146920},"restartedAfter":null,"clientMs":885}
{"phase":"probe-reload","size":"lite","graph":"g-lite-muffckil","ok":true,"nodes":13000,"serverMs":3373.13,"roundTripMs":3453.64,"before":{"peakRss":82194432,"rss":71356416,"rssAnon":66924544},"after":{"peakRss":81924096,"rss":81924096,"rssAnon":77492224},"disk":{"snapshotBytes":4354306,"walBytes":4146920},"restartedAfter":null,"clientMs":3483}
{"phase":"probe","size":"lite","graph":"g-lite-muffckil","ok":true,"nodes":13000,"peaks":{"load":71356416,"snapshot":82194432,"reload":81924096},"peak":82194432,"limit":268435456}
{"phase":"load","size":"lite","graph":"g-lite-muffckil","ok":true,"error":null,"done":true,"nodes":16000,"relationships":48000,"target":16000,"batches":{"samples":3,"p50Ms":866.74,"p99Ms":893.26,"maxMs":893.26,"minMs":791.16,"over2s":0},"elapsedMs":2564,"mem":{"disk":{"snapshotBytes":4354306,"walBytes":5106464},"engine":"native","memory":{"peakRss":81973248,"rss":81973248,"rssAnon":77541376},"ok":true,"startedAtMs":1790247854253},"restartedAfter":null,"clientMs":2591}
{"phase":"probe-snapshot","size":"lite","graph":"g-lite-muffckil","ok":true,"nodes":16000,"serverMs":1061.6,"roundTripMs":1063.55,"before":{"peakRss":81973248,"rss":81973248,"rssAnon":77541376},"after":{"peakRss":93888512,"rss":82104320,"rssAnon":77672448},"disk":{"snapshotBytes":5361706,"walBytes":5106464},"restartedAfter":null,"clientMs":1096}
{"phase":"probe-reload","size":"lite","graph":"g-lite-muffckil","ok":true,"nodes":16000,"serverMs":4164.69,"roundTripMs":4157.99,"before":{"peakRss":93888512,"rss":82104320,"rssAnon":77672448},"after":{"peakRss":90427392,"rss":90427392,"rssAnon":85995520},"disk":{"snapshotBytes":5361706,"walBytes":5106464},"restartedAfter":null,"clientMs":4191}
{"phase":"probe","size":"lite","graph":"g-lite-muffckil","ok":true,"nodes":16000,"peaks":{"load":81973248,"snapshot":93888512,"reload":90427392},"peak":93888512,"limit":268435456}
{"phase":"load","size":"lite","graph":"g-lite-muffckil","ok":true,"error":null,"done":true,"nodes":20000,"relationships":60000,"target":20000,"batches":{"samples":4,"p50Ms":598.25,"p99Ms":996.43,"maxMs":996.43,"minMs":568.29,"over2s":0},"elapsedMs":3170,"mem":{"disk":{"snapshotBytes":5361706,"walBytes":6385856},"engine":"native","memory":{"peakRss":120856576,"rss":105779200,"rssAnon":101343232},"ok":true,"startedAtMs":1790247854253},"restartedAfter":null,"clientMs":3197}
{"phase":"probe-snapshot","size":"lite","graph":"g-lite-muffckil","ok":true,"nodes":20000,"serverMs":1073.31,"roundTripMs":1167,"before":{"peakRss":120856576,"rss":105779200,"rssAnon":101343232},"after":{"peakRss":127389696,"rss":113881088,"rssAnon":109445120},"disk":{"snapshotBytes":6704906,"walBytes":6385856},"restartedAfter":null,"clientMs":1196}
{"phase":"probe-reload","size":"lite","graph":"g-lite-muffckil","ok":true,"nodes":20000,"serverMs":6170.54,"roundTripMs":6168,"before":{"peakRss":127389696,"rss":113881088,"rssAnon":109445120},"after":{"peakRss":136663040,"rss":136540160,"rssAnon":132104192},"disk":{"snapshotBytes":6704906,"walBytes":6385856},"restartedAfter":null,"clientMs":6195}
{"phase":"probe","size":"lite","graph":"g-lite-muffckil","ok":true,"nodes":20000,"peaks":{"load":120856576,"snapshot":127389696,"reload":136663040},"peak":136663040,"limit":268435456}
{"phase":"load","size":"lite","graph":"g-lite-muffckil","ok":true,"error":null,"done":true,"nodes":25000,"relationships":75000,"target":25000,"batches":{"samples":5,"p50Ms":796.91,"p99Ms":798.99,"maxMs":798.99,"minMs":665.94,"over2s":0},"elapsedMs":3875,"mem":{"disk":{"snapshotBytes":6704906,"walBytes":7985096},"engine":"native","memory":{"peakRss":136540160,"rss":136540160,"rssAnon":132104192},"ok":true,"startedAtMs":1790247854253},"restartedAfter":null,"clientMs":3902}
{"phase":"probe-snapshot","size":"lite","graph":"g-lite-muffckil","ok":true,"nodes":25000,"serverMs":1673.01,"roundTripMs":1678.28,"before":{"peakRss":136540160,"rss":136540160,"rssAnon":132104192},"after":{"peakRss":168767488,"rss":136830976,"rssAnon":132395008},"disk":{"snapshotBytes":8383906,"walBytes":7985096},"restartedAfter":null,"clientMs":1707}
{"phase":"probe-reload","size":"lite","graph":"g-lite-muffckil","ok":true,"nodes":25000,"serverMs":8603.32,"roundTripMs":8607.83,"before":{"peakRss":168767488,"rss":136830976,"rssAnon":132395008},"after":{"peakRss":145215488,"rss":145215488,"rssAnon":140779520},"disk":{"snapshotBytes":8383906,"walBytes":7985096},"restartedAfter":null,"clientMs":8695}
{"phase":"probe","size":"lite","graph":"g-lite-muffckil","ok":true,"nodes":25000,"peaks":{"load":136540160,"snapshot":168767488,"reload":145215488},"peak":168767488,"limit":268435456}
{"phase":"load","size":"lite","graph":"g-lite-muffckil","ok":true,"error":null,"done":true,"nodes":31000,"relationships":93000,"target":31000,"batches":{"samples":6,"p50Ms":899.32,"p99Ms":1196.58,"maxMs":1196.58,"minMs":698.34,"over2s":0},"elapsedMs":5672,"mem":{"disk":{"snapshotBytes":8383906,"walBytes":9904184},"engine":"native","memory":{"peakRss":145215488,"rss":145215488,"rssAnon":140779520},"ok":true,"startedAtMs":1790247854253},"restartedAfter":null,"clientMs":5700}
{"phase":"probe-snapshot","size":"lite","graph":"g-lite-muffckil","ok":true,"nodes":31000,"serverMs":1764.36,"roundTripMs":1860.57,"before":{"peakRss":145215488,"rss":145215488,"rssAnon":140779520},"after":{"peakRss":171548672,"rss":145346560,"rssAnon":140910592},"disk":{"snapshotBytes":10398706,"walBytes":9904184},"restartedAfter":null,"clientMs":1895}
{"phase":"probe-reload","size":"lite","graph":"g-lite-muffckil","ok":true,"nodes":31000,"serverMs":10865.09,"roundTripMs":10865.98,"before":{"peakRss":171548672,"rss":145346560,"rssAnon":140910592},"after":{"peakRss":162123776,"rss":162123776,"rssAnon":157687808},"disk":{"snapshotBytes":10398706,"walBytes":9904184},"restartedAfter":null,"clientMs":10897}
{"phase":"probe","size":"lite","graph":"g-lite-muffckil","ok":true,"nodes":31000,"peaks":{"load":145215488,"snapshot":171548672,"reload":162123776},"peak":171548672,"limit":268435456}
{"phase":"load","size":"lite","graph":"g-lite-muffckil","ok":true,"error":null,"done":true,"nodes":39000,"relationships":117000,"target":39000,"batches":{"samples":8,"p50Ms":698.96,"p99Ms":1699.54,"maxMs":1699.54,"minMs":568.84,"over2s":0},"elapsedMs":7162,"mem":{"disk":{"snapshotBytes":10398706,"walBytes":12462968},"engine":"native","memory":{"peakRss":223244288,"rss":192802816,"rssAnon":188366848},"ok":true,"startedAtMs":1790247854253},"restartedAfter":null,"clientMs":7188}
{"phase":"probe-snapshot","size":"lite","graph":"g-lite-muffckil","ok":true,"nodes":39000,"serverMs":2294.65,"roundTripMs":2282.06,"before":{"peakRss":223244288,"rss":192802816,"rssAnon":188366848},"after":{"peakRss":242921472,"rss":215650304,"rssAnon":211214336},"disk":{"snapshotBytes":13085106,"walBytes":12462968},"restartedAfter":null,"clientMs":2375}
{"phase":"probe-reload","size":"lite","graph":"g-lite-muffckil","ok":true,"nodes":39000,"serverMs":13867.88,"roundTripMs":13819.99,"before":{"peakRss":242921472,"rss":215650304,"rssAnon":211214336},"after":{"peakRss":243843072,"rss":243843072,"rssAnon":239407104},"disk":{"snapshotBytes":13085106,"walBytes":12462968},"restartedAfter":null,"clientMs":13847}
{"phase":"probe","size":"lite","graph":"g-lite-muffckil","ok":true,"nodes":39000,"peaks":{"load":223244288,"snapshot":242921472,"reload":243843072},"peak":243843072,"limit":268435456}
{"phase":"shared-size","size":"lite","nodes":39000,"relationships":117000}
{"phase":"at-shared","size":"lite","graph":"g-lite-muffckil","ok":true,"bench":"read","nodes":39000,"samples":200,"p50Ms":2.61,"p99Ms":58.68,"maxMs":72.18,"minMs":1.18,"over2s":0,"errors":0,"firstError":null,"restartedAfter":null,"clientMs":1818}
{"phase":"at-shared","size":"lite","graph":"g-lite-muffckil","ok":true,"bench":"write","nodes":39000,"samples":200,"p50Ms":6.22,"p99Ms":56.38,"maxMs":61.97,"minMs":4.11,"over2s":0,"errors":0,"firstError":null,"restartedAfter":null,"clientMs":2209}
{"phase":"at-shared","size":"lite","graph":"g-lite-muffckil","ok":true,"bench":"hop2","nodes":39000,"samples":200,"p50Ms":2.59,"p99Ms":64.11,"maxMs":69.84,"minMs":1.06,"over2s":0,"errors":0,"firstError":null,"restartedAfter":null,"clientMs":1283}
{"phase":"at-shared","size":"lite","graph":"g-lite-muffckil","ok":true,"bench":"heavy","nodes":39000,"samples":30,"p50Ms":1397.93,"p99Ms":2387.74,"maxMs":2387.74,"minMs":593.65,"over2s":7,"errors":0,"firstError":null,"restartedAfter":null,"clientMs":43279}
{"phase":"at-shared","bench":"snapshot","size":"lite","graph":"g-lite-muffckil","ok":true,"nodes":39000,"serverMs":2066.23,"roundTripMs":2170.86,"before":{"peakRss":243957760,"rss":243957760,"rssAnon":239407104},"after":{"peakRss":257085440,"rss":257085440,"rssAnon":252534784},"disk":{"snapshotBytes":13119967,"walBytes":12499429},"restartedAfter":null,"clientMs":2198}
{"phase":"at-shared","bench":"reload","size":"lite","graph":"g-lite-muffckil","ok":true,"nodes":39000,"serverMs":16404.19,"roundTripMs":16390.79,"before":{"peakRss":257085440,"rss":257085440,"rssAnon":252534784},"after":{"peakRss":256847872,"rss":244187136,"rssAnon":239636480},"disk":{"snapshotBytes":13119967,"walBytes":12499429},"restartedAfter":null,"clientMs":16419}
{"phase":"load","size":"lite","graph":"g-lite-muffckil","ok":true,"error":null,"done":true,"nodes":49000,"relationships":147000,"target":49000,"batches":{"samples":10,"p50Ms":998.18,"p99Ms":1698.43,"maxMs":1698.43,"minMs":896.35,"over2s":0},"elapsedMs":11300,"mem":{"disk":{"snapshotBytes":13119967,"walBytes":15697909},"engine":"native","memory":{"peakRss":244187136,"rss":244187136,"rssAnon":239636480},"ok":true,"startedAtMs":1790247854253},"restartedAfter":null,"clientMs":11392}
{"phase":"probe-snapshot","ok":false,"size":"lite","graph":"g-lite-muffckil","bench":"snapshot","error":"fetch failed","container":"true 137","clientMs":3201}
{"phase":"to-failure","size":"lite","graph":"g-lite-muffckil","ok":false,"nodes":49000,"failed":"snapshot","error":"fetch failed"}
{"phase":"cold","size":"lite","graph":"g-lite-muffckil","ok":true,"bench":"cold","stopMs":286,"firstAnswerMs":833,"attempts":1,"mem":{"disk":{"snapshotBytes":null,"walBytes":6},"engine":"native","memory":{"peakRss":5779456,"rss":5779456,"rssAnon":700416},"ok":true,"startedAtMs":1790248034271},"restartedAfter":"true 137","clientMs":1989}

Timings: measured from the Docker host through a published port (local preview, not Cloudflare).

| | lite |
|---|---|
| capacity (nodes / relationships) | 39,000 / 117,000 |
| peak RSS at capacity: load / snapshot / reload (MiB) | 213 / 232 / 233 |
| first failure | snapshot at 49,000 nodes |
| **at shared size** (nodes) | 39,000 |
| read p50 / p99 (ms) | 2.6 / 58.7 |
| write p50 / p99 (ms) | 6.2 / 56.4 |
| hop2 p50 / p99 (ms) | 2.6 / 64.1 |
| heavy p50 / p99 (ms) | 1397.9 / 2387.7 (7 > 2 s) |
| snapshot (ms, server) | 2066.2 |
| reload from disk (ms, server) | 16404.2 |
| **at own capacity** (nodes) | 39,000 |
| read p50 / p99 (ms) | 2.6 / 58.7 |
| write p50 / p99 (ms) | 6.2 / 56.4 |
| hop2 p50 / p99 (ms) | 2.6 / 64.1 |
| heavy p50 / p99 (ms) | 1397.9 / 2387.7 (7 > 2 s) |
| snapshot (ms, server) | 2066.2 |
| reload from disk (ms, server) | 16404.2 |
| cold: container start to first answer (ms) | 833 |
| cold + reload at capacity (ms, estimate) | 17237.2 |

exit=0
